[1;30mINFO[0m /vol0006/mdt1/home/[REDACTED]/.local/share/mamba/envs/cwltool/bin/cwltool 3.2.20260720092025
[1;30mINFO[0m Resolved 'sr-workflow-base-command.cwl' to 'file:///vol0006/mdt1/home/[REDACTED]/cwl-mpi/workflows/mpich-sr/sr-workflow-base-command.cwl'
[1;30mDEBUG[0m [32mParsed job order from command line: {
    "__id": "sr-workflow-base-command.cwl",
    "msg_size": 0,
    "niter": 1,
    "np": 2,
    "source": {
        "class": "File",
        "path": "file:///vol0006/mdt1/home/[REDACTED]/cwl-mpi/workflows/mpich-sr/sr.c"
    }
}[0m
[1;30mDEBUG[0m [32m[workflow ] initialized from file:///vol0006/mdt1/home/[REDACTED]/cwl-mpi/workflows/mpich-sr/sr-workflow-base-command.cwl#sr-workflow[0m
[1;30mINFO[0m [workflow ] start
[1;30mDEBUG[0m [32m[workflow ] inputs {
    "msg_size": 0,
    "niter": 1,
    "np": 2,
    "source": {
        "class": "File",
        "location": "file:///vol0006/mdt1/home/[REDACTED]/cwl-mpi/workflows/mpich-sr/sr.c",
        "size": 2570,
        "basename": "sr.c",
        "nameroot": "sr",
        "nameext": ".c"
    }
}[0m
[1;30mDEBUG[0m [32m[workflow ] job step file:///vol0006/mdt1/home/[REDACTED]/cwl-mpi/workflows/mpich-sr/sr-workflow-base-command.cwl#sr-workflow/mpirun not ready[0m
[1;30mINFO[0m [workflow ] starting step mpicc
[1;30mDEBUG[0m [32m[step mpicc] job input {
    "file:///vol0006/mdt1/home/[REDACTED]/cwl-mpi/workflows/mpich-sr/sr-workflow-base-command.cwl#sr-workflow/mpicc/source": {
        "class": "File",
        "location": "file:///vol0006/mdt1/home/[REDACTED]/cwl-mpi/workflows/mpich-sr/sr.c",
        "size": 2570,
        "basename": "sr.c",
        "nameroot": "sr",
        "nameext": ".c"
    }
}[0m
[1;30mDEBUG[0m [32m[step mpicc] evaluated job input to {
    "file:///vol0006/mdt1/home/[REDACTED]/cwl-mpi/workflows/mpich-sr/sr-workflow-base-command.cwl#sr-workflow/mpicc/source": {
        "class": "File",
        "location": "file:///vol0006/mdt1/home/[REDACTED]/cwl-mpi/workflows/mpich-sr/sr.c",
        "size": 2570,
        "basename": "sr.c",
        "nameroot": "sr",
        "nameext": ".c"
    }
}[0m
[1;30mINFO[0m [step mpicc] start
[1;30mDEBUG[0m [32m[job mpicc] initializing from file:///vol0006/mdt1/home/[REDACTED]/cwl-mpi/workflows/mpich-sr/mpicc.cwl#mpich-mpicc as part of step mpicc[0m
[1;30mDEBUG[0m [32m[job mpicc] {
    "source": {
        "class": "File",
        "location": "file:///vol0006/mdt1/home/[REDACTED]/cwl-mpi/workflows/mpich-sr/sr.c",
        "size": 2570,
        "basename": "sr.c",
        "nameroot": "sr",
        "nameext": ".c"
    },
    "output_name": "sr"
}[0m
[1;30mDEBUG[0m [32m[job mpicc] path mappings is {
    "file:///vol0006/mdt1/home/[REDACTED]/cwl-mpi/workflows/mpich-sr/sr.c": [
        "/vol0006/mdt1/home/[REDACTED]/cwl-mpi/workflows/mpich-sr/sr.c",
        "/vol0006/mdt1/home/[REDACTED]/hdqs3a4e/stg9c3219b6-46c1-4a38-abfd-5269692f591c/sr.c",
        "File",
        true
    ]
}[0m
[1;30mDEBUG[0m [32m[job mpicc] command line bindings is [
    {
        "position": [
            -1000000,
            0
        ],
        "datum": "mpifcc"
    },
    {
        "position": [
            1,
            "source"
        ],
        "datum": {
            "class": "File",
            "location": "file:///vol0006/mdt1/home/[REDACTED]/cwl-mpi/workflows/mpich-sr/sr.c",
            "size": 2570,
            "basename": "sr.c",
            "nameroot": "sr",
            "nameext": ".c",
            "path": "/vol0006/mdt1/home/[REDACTED]/hdqs3a4e/stg9c3219b6-46c1-4a38-abfd-5269692f591c/sr.c",
            "dirname": "/vol0006/mdt1/home/[REDACTED]/hdqs3a4e/stg9c3219b6-46c1-4a38-abfd-5269692f591c"
        }
    },
    {
        "prefix": "-o",
        "position": [
            2,
            "output_name"
        ],
        "datum": "sr"
    }
][0m
[1;30mDEBUG[0m [32m[job mpicc] initial work dir {}[0m
[1;30mINFO[0m [job mpicc] /vol0006/mdt1/home/[REDACTED]/m6h4hijp$ mpifcc \
    /vol0006/mdt1/home/[REDACTED]/hdqs3a4e/stg9c3219b6-46c1-4a38-abfd-5269692f591c/sr.c \
    -o \
    sr
[1;30mINFO[0m [job mpicc] Max memory used: 28MiB
[1;30mINFO[0m [job mpicc] completed success
[1;30mDEBUG[0m [32m[job mpicc] outputs {
    "executable": {
        "location": "file:///vol0006/mdt1/home/[REDACTED]/m6h4hijp/sr",
        "basename": "sr",
        "nameroot": "sr",
        "nameext": "",
        "class": "File",
        "checksum": "sha1$ab1f2b2f51491849ea0143df80afb446d303c672",
        "size": 87872,
        "http://commonwl.org/cwltool#generation": 0
    }
}[0m
[1;30mDEBUG[0m [32m[step mpicc] produced output {
    "file:///vol0006/mdt1/home/[REDACTED]/cwl-mpi/workflows/mpich-sr/sr-workflow-base-command.cwl#sr-workflow/mpicc/executable": {
        "location": "file:///vol0006/mdt1/home/[REDACTED]/m6h4hijp/sr",
        "basename": "sr",
        "nameroot": "sr",
        "nameext": "",
        "class": "File",
        "checksum": "sha1$ab1f2b2f51491849ea0143df80afb446d303c672",
        "size": 87872,
        "http://commonwl.org/cwltool#generation": 0
    }
}[0m
[1;30mINFO[0m [step mpicc] completed success
[1;30mDEBUG[0m [32m[job mpicc] Removing input staging directory /vol0006/mdt1/home/[REDACTED]/hdqs3a4e[0m
[1;30mDEBUG[0m [32m[job mpicc] Removing temporary directory /vol0006/mdt1/home/[REDACTED]/6if1ewr3[0m
[1;30mINFO[0m [workflow ] starting step mpirun
[1;30mDEBUG[0m [32m[step mpirun] job input {
    "file:///vol0006/mdt1/home/[REDACTED]/cwl-mpi/workflows/mpich-sr/sr-workflow-base-command.cwl#sr-workflow/mpirun/executable": {
        "location": "file:///vol0006/mdt1/home/[REDACTED]/m6h4hijp/sr",
        "basename": "sr",
        "nameroot": "sr",
        "nameext": "",
        "class": "File",
        "checksum": "sha1$ab1f2b2f51491849ea0143df80afb446d303c672",
        "size": 87872,
        "http://commonwl.org/cwltool#generation": 0
    },
    "file:///vol0006/mdt1/home/[REDACTED]/cwl-mpi/workflows/mpich-sr/sr-workflow-base-command.cwl#sr-workflow/mpirun/msg_size": 0,
    "file:///vol0006/mdt1/home/[REDACTED]/cwl-mpi/workflows/mpich-sr/sr-workflow-base-command.cwl#sr-workflow/mpirun/niter": 1,
    "file:///vol0006/mdt1/home/[REDACTED]/cwl-mpi/workflows/mpich-sr/sr-workflow-base-command.cwl#sr-workflow/mpirun/np": 2
}[0m
[1;30mDEBUG[0m [32m[step mpirun] evaluated job input to {
    "file:///vol0006/mdt1/home/[REDACTED]/cwl-mpi/workflows/mpich-sr/sr-workflow-base-command.cwl#sr-workflow/mpirun/executable": {
        "location": "file:///vol0006/mdt1/home/[REDACTED]/m6h4hijp/sr",
        "basename": "sr",
        "nameroot": "sr",
        "nameext": "",
        "class": "File",
        "checksum": "sha1$ab1f2b2f51491849ea0143df80afb446d303c672",
        "size": 87872,
        "http://commonwl.org/cwltool#generation": 0
    },
    "file:///vol0006/mdt1/home/[REDACTED]/cwl-mpi/workflows/mpich-sr/sr-workflow-base-command.cwl#sr-workflow/mpirun/msg_size": 0,
    "file:///vol0006/mdt1/home/[REDACTED]/cwl-mpi/workflows/mpich-sr/sr-workflow-base-command.cwl#sr-workflow/mpirun/niter": 1,
    "file:///vol0006/mdt1/home/[REDACTED]/cwl-mpi/workflows/mpich-sr/sr-workflow-base-command.cwl#sr-workflow/mpirun/np": 2
}[0m
[1;30mINFO[0m [step mpirun] start
[1;30mDEBUG[0m [32m[job mpirun] initializing from file:///vol0006/mdt1/home/[REDACTED]/cwl-mpi/workflows/mpich-sr/sr-base-command.cwl#mpirun-base-command as part of step mpirun[0m
[1;30mDEBUG[0m [32m[job mpirun] {
    "executable": {
        "location": "file:///vol0006/mdt1/home/[REDACTED]/m6h4hijp/sr",
        "basename": "sr",
        "nameroot": "sr",
        "nameext": "",
        "class": "File",
        "checksum": "sha1$ab1f2b2f51491849ea0143df80afb446d303c672",
        "size": 87872,
        "http://commonwl.org/cwltool#generation": 0
    },
    "msg_size": 0,
    "niter": 1,
    "np": 2
}[0m
[1;30mDEBUG[0m [32m[job mpirun] path mappings is {
    "file:///vol0006/mdt1/home/[REDACTED]/m6h4hijp/sr": [
        "/vol0006/mdt1/home/[REDACTED]/m6h4hijp/sr",
        "/vol0006/mdt1/home/[REDACTED]/xp_6wf6m/stg38fd6dbf-c521-48b5-a054-2c0a58536678/sr",
        "File",
        true
    ]
}[0m
[1;30mDEBUG[0m [32m[job mpirun] command line bindings is [
    {
        "position": [
            -1000000,
            0
        ],
        "datum": "mpirun"
    },
    {
        "prefix": "-np",
        "position": [
            1,
            "np"
        ],
        "datum": 2
    },
    {
        "position": [
            2,
            "executable"
        ],
        "datum": {
            "location": "file:///vol0006/mdt1/home/[REDACTED]/m6h4hijp/sr",
            "basename": "sr",
            "nameroot": "sr",
            "nameext": "",
            "class": "File",
            "checksum": "sha1$ab1f2b2f51491849ea0143df80afb446d303c672",
            "size": 87872,
            "http://commonwl.org/cwltool#generation": 0,
            "path": "/vol0006/mdt1/home/[REDACTED]/xp_6wf6m/stg38fd6dbf-c521-48b5-a054-2c0a58536678/sr",
            "dirname": "/vol0006/mdt1/home/[REDACTED]/xp_6wf6m/stg38fd6dbf-c521-48b5-a054-2c0a58536678"
        }
    },
    {
        "position": [
            3,
            "msg_size"
        ],
        "datum": 0
    },
    {
        "position": [
            4,
            "niter"
        ],
        "datum": 1
    }
][0m
[1;30mDEBUG[0m [32m[job mpirun] initial work dir {}[0m
[1;30mINFO[0m [job mpirun] /vol0006/mdt1/home/[REDACTED]/w8xu_kun$ mpirun \
    -np \
    2 \
    /vol0006/mdt1/home/[REDACTED]/xp_6wf6m/stg38fd6dbf-c521-48b5-a054-2c0a58536678/sr \
    0 \
    1 > /vol0006/mdt1/home/[REDACTED]/w8xu_kun/mpirun-base-command.out 2> /vol0006/mdt1/home/[REDACTED]/w8xu_kun/mpirun-base-command.err
[1;30mINFO[0m [job mpirun] Max memory used: 25MiB
[1;30mINFO[0m [job mpirun] completed success
[1;30mDEBUG[0m [32m[job mpirun] outputs {
    "stderr_file": {
        "location": "file:///vol0006/mdt1/home/[REDACTED]/w8xu_kun/mpirun-base-command.err",
        "basename": "mpirun-base-command.err",
        "nameroot": "mpirun-base-command",
        "nameext": ".err",
        "class": "File",
        "checksum": "sha1$da39a3ee5e6b4b0d3255bfef95601890afd80709",
        "size": 0,
        "http://commonwl.org/cwltool#generation": 0
    },
    "stdout_file": {
        "location": "file:///vol0006/mdt1/home/[REDACTED]/w8xu_kun/mpirun-base-command.out",
        "basename": "mpirun-base-command.out",
        "nameroot": "mpirun-base-command",
        "nameext": ".out",
        "class": "File",
        "checksum": "sha1$da39a3ee5e6b4b0d3255bfef95601890afd80709",
        "size": 0,
        "http://commonwl.org/cwltool#generation": 0
    }
}[0m
[1;30mDEBUG[0m [32m[step mpirun] produced output {
    "file:///vol0006/mdt1/home/[REDACTED]/cwl-mpi/workflows/mpich-sr/sr-workflow-base-command.cwl#sr-workflow/mpirun/stdout_file": {
        "location": "file:///vol0006/mdt1/home/[REDACTED]/w8xu_kun/mpirun-base-command.out",
        "basename": "mpirun-base-command.out",
        "nameroot": "mpirun-base-command",
        "nameext": ".out",
        "class": "File",
        "checksum": "sha1$da39a3ee5e6b4b0d3255bfef95601890afd80709",
        "size": 0,
        "http://commonwl.org/cwltool#generation": 0
    },
    "file:///vol0006/mdt1/home/[REDACTED]/cwl-mpi/workflows/mpich-sr/sr-workflow-base-command.cwl#sr-workflow/mpirun/stderr_file": {
        "location": "file:///vol0006/mdt1/home/[REDACTED]/w8xu_kun/mpirun-base-command.err",
        "basename": "mpirun-base-command.err",
        "nameroot": "mpirun-base-command",
        "nameext": ".err",
        "class": "File",
        "checksum": "sha1$da39a3ee5e6b4b0d3255bfef95601890afd80709",
        "size": 0,
        "http://commonwl.org/cwltool#generation": 0
    }
}[0m
[1;30mINFO[0m [step mpirun] completed success
[1;30mINFO[0m [workflow ] completed success
[1;30mDEBUG[0m [32m[workflow ] outputs {
    "stderr": {
        "location": "file:///vol0006/mdt1/home/[REDACTED]/w8xu_kun/mpirun-base-command.err",
        "basename": "mpirun-base-command.err",
        "nameroot": "mpirun-base-command",
        "nameext": ".err",
        "class": "File",
        "checksum": "sha1$da39a3ee5e6b4b0d3255bfef95601890afd80709",
        "size": 0,
        "http://commonwl.org/cwltool#generation": 0
    },
    "stdout": {
        "location": "file:///vol0006/mdt1/home/[REDACTED]/w8xu_kun/mpirun-base-command.out",
        "basename": "mpirun-base-command.out",
        "nameroot": "mpirun-base-command",
        "nameext": ".out",
        "class": "File",
        "checksum": "sha1$da39a3ee5e6b4b0d3255bfef95601890afd80709",
        "size": 0,
        "http://commonwl.org/cwltool#generation": 0
    }
}[0m
[1;30mDEBUG[0m [32m[job mpirun] Removing input staging directory /vol0006/mdt1/home/[REDACTED]/xp_6wf6m[0m
[1;30mDEBUG[0m [32m[job mpirun] Removing temporary directory /vol0006/mdt1/home/[REDACTED]/m_a3wfl3[0m
[1;30mDEBUG[0m [32mMoving /vol0006/mdt1/home/[REDACTED]/w8xu_kun/mpirun-base-command.err to /vol0006/mdt1/home/[REDACTED]/cwl-mpi/workflows/mpich-sr/logs/cwltool/fugaku/none/mpirun-base-command.err[0m
[1;30mDEBUG[0m [32mMoving /vol0006/mdt1/home/[REDACTED]/w8xu_kun/mpirun-base-command.out to /vol0006/mdt1/home/[REDACTED]/cwl-mpi/workflows/mpich-sr/logs/cwltool/fugaku/none/mpirun-base-command.out[0m
[1;30mDEBUG[0m [32mRemoving intermediate output directory /vol0006/mdt1/home/[REDACTED]/m6h4hijp[0m
[1;30mDEBUG[0m [32mRemoving intermediate output directory /vol0006/mdt1/home/[REDACTED]/w8xu_kun[0m
[1;30mDEBUG[0m [32mRemoving intermediate output directory /home/[REDACTED]/jwsua7o7[0m
{
    "stderr": {
        "location": "file:///vol0006/mdt1/home/[REDACTED]/cwl-mpi/workflows/mpich-sr/logs/cwltool/fugaku/none/mpirun-base-command.err",
        "basename": "mpirun-base-command.err",
        "class": "File",
        "checksum": "sha1$da39a3ee5e6b4b0d3255bfef95601890afd80709",
        "size": 0,
        "path": "/vol0006/mdt1/home/[REDACTED]/cwl-mpi/workflows/mpich-sr/logs/cwltool/fugaku/none/mpirun-base-command.err"
    },
    "stdout": {
        "location": "file:///vol0006/mdt1/home/[REDACTED]/cwl-mpi/workflows/mpich-sr/logs/cwltool/fugaku/none/mpirun-base-command.out",
        "basename": "mpirun-base-command.out",
        "class": "File",
        "checksum": "sha1$da39a3ee5e6b4b0d3255bfef95601890afd80709",
        "size": 0,
        "path": "/vol0006/mdt1/home/[REDACTED]/cwl-mpi/workflows/mpich-sr/logs/cwltool/fugaku/none/mpirun-base-command.out"
    }
}[1;30mINFO[0m Final process status is success
