[1;30mINFO[0m /vol0006/mdt1/home/[REDACTED]/.local/share/mamba/envs/cwltool/bin/cwltool 3.2.20260720092025
[1;30mINFO[0m Resolved 'sr-workflow-mpi-requirement.cwl' to 'file:///vol0006/mdt1/home/[REDACTED]/cwl-mpi/workflows/mpich-sr/sr-workflow-mpi-requirement.cwl'
[1;30mDEBUG[0m [32mParsed job order from command line: {
    "__id": "sr-workflow-mpi-requirement.cwl",
    "msg_size": 0,
    "niter": 1,
    "np": 2,
    "source": {
        "class": "File",
        "path": "file:///vol0006/mdt1/home/[REDACTED]/cwl-mpi/workflows/mpich-sr/sr.c"
    }
}[0m
[1;30mDEBUG[0m [32m[workflow ] initialized from file:///vol0006/mdt1/home/[REDACTED]/cwl-mpi/workflows/mpich-sr/sr-workflow-mpi-requirement.cwl#sr-workflow[0m
[1;30mINFO[0m [workflow ] start
[1;30mDEBUG[0m [32m[workflow ] inputs {
    "msg_size": 0,
    "niter": 1,
    "np": 2,
    "source": {
        "class": "File",
        "location": "file:///vol0006/mdt1/home/[REDACTED]/cwl-mpi/workflows/mpich-sr/sr.c",
        "size": 2570,
        "basename": "sr.c",
        "nameroot": "sr",
        "nameext": ".c"
    }
}[0m
[1;30mINFO[0m [workflow ] starting step mpicc
[1;30mDEBUG[0m [32m[step mpicc] job input {
    "file:///vol0006/mdt1/home/[REDACTED]/cwl-mpi/workflows/mpich-sr/sr-workflow-mpi-requirement.cwl#sr-workflow/mpicc/source": {
        "class": "File",
        "location": "file:///vol0006/mdt1/home/[REDACTED]/cwl-mpi/workflows/mpich-sr/sr.c",
        "size": 2570,
        "basename": "sr.c",
        "nameroot": "sr",
        "nameext": ".c"
    }
}[0m
[1;30mDEBUG[0m [32m[step mpicc] evaluated job input to {
    "file:///vol0006/mdt1/home/[REDACTED]/cwl-mpi/workflows/mpich-sr/sr-workflow-mpi-requirement.cwl#sr-workflow/mpicc/source": {
        "class": "File",
        "location": "file:///vol0006/mdt1/home/[REDACTED]/cwl-mpi/workflows/mpich-sr/sr.c",
        "size": 2570,
        "basename": "sr.c",
        "nameroot": "sr",
        "nameext": ".c"
    }
}[0m
[1;30mINFO[0m [step mpicc] start
[1;30mDEBUG[0m [32m[job mpicc] initializing from file:///vol0006/mdt1/home/[REDACTED]/cwl-mpi/workflows/mpich-sr/mpicc.cwl#mpich-mpicc as part of step mpicc[0m
[1;30mDEBUG[0m [32m[job mpicc] {
    "source": {
        "class": "File",
        "location": "file:///vol0006/mdt1/home/[REDACTED]/cwl-mpi/workflows/mpich-sr/sr.c",
        "size": 2570,
        "basename": "sr.c",
        "nameroot": "sr",
        "nameext": ".c"
    },
    "output_name": "sr"
}[0m
[1;30mDEBUG[0m [32m[job mpicc] path mappings is {
    "file:///vol0006/mdt1/home/[REDACTED]/cwl-mpi/workflows/mpich-sr/sr.c": [
        "/vol0006/mdt1/home/[REDACTED]/cwl-mpi/workflows/mpich-sr/sr.c",
        "/var/lib/cwl/stgda520e73-1112-44a3-adc5-1b8530aa665e/sr.c",
        "File",
        true
    ]
}[0m
[1;30mDEBUG[0m [32m[job mpicc] command line bindings is [
    {
        "position": [
            -1000000,
            0
        ],
        "datum": "mpifcc"
    },
    {
        "position": [
            1,
            "source"
        ],
        "datum": {
            "class": "File",
            "location": "file:///vol0006/mdt1/home/[REDACTED]/cwl-mpi/workflows/mpich-sr/sr.c",
            "size": 2570,
            "basename": "sr.c",
            "nameroot": "sr",
            "nameext": ".c",
            "path": "/var/lib/cwl/stgda520e73-1112-44a3-adc5-1b8530aa665e/sr.c",
            "dirname": "/var/lib/cwl/stgda520e73-1112-44a3-adc5-1b8530aa665e"
        }
    },
    {
        "prefix": "-o",
        "position": [
            2,
            "output_name"
        ],
        "datum": "sr"
    }
][0m
[1;30mWARNING[0m [33mYou have specified '--preserve-entire-environment' while running a container which will override variables set in the container. This may break the container, be non-portable, and/or affect reproducibility.[0m
[1;30mDEBUG[0m [32mSingularity version: 4.4.0 ({_SINGULARITY_FLAVOR}.[0m
[1;30mINFO[0m ['singularity', 'pull', '--force', '--name', 'mfisherman_mpich:4.3.2.sif', 'docker://mfisherman/mpich:4.3.2']
INFO:    Converting OCI blobs to SIF format
INFO:    Starting build...
INFO:    Fetching OCI image...
FATAL:   While making image from oci registry: error fetching image: while building SIF from layers: conveyor failed to get: EOF
[1;30mDEBUG[0m [32mSingularity error[0m
Traceback (most recent call last):
  File "cwltool/job.py", line 794, in run
  File "cwltool/singularity.py", line 469, in get_from_requirements
  File "cwltool/singularity.py", line 414, in get_image
    check_call(cmd, stdout=sys.stderr)  # nosec
  File "/vol0006/mdt1/home/[REDACTED]/.local/share/mamba/envs/cwltool/lib/python3.13/subprocess.py", line 419, in check_call
    raise CalledProcessError(retcode, cmd)
subprocess.CalledProcessError: Command '['singularity', 'pull', '--force', '--name', 'mfisherman_mpich:4.3.2.sif', 'docker://mfisherman/mpich:4.3.2']' returned non-zero exit status 255.
[1;30mERROR[0m [31mWorkflow error:
Singularity is not available for this tool, try --no-container to disable Singularity, or install a user space Docker replacement like uDocker with --user-space-docker-cmd.: Command '['singularity', 'pull', '--force', '--name', 'mfisherman_mpich:4.3.2.sif', 'docker://mfisherman/mpich:4.3.2']' returned non-zero exit status 255.[0m
Traceback (most recent call last):
  File "cwltool/job.py", line 794, in run
  File "cwltool/singularity.py", line 469, in get_from_requirements
    if not self.get_image(
  File "cwltool/singularity.py", line 414, in get_image
    check_call(cmd, stdout=sys.stderr)  # nosec
  File "/vol0006/mdt1/home/[REDACTED]/.local/share/mamba/envs/cwltool/lib/python3.13/subprocess.py", line 419, in check_call
    raise CalledProcessError(retcode, cmd)
subprocess.CalledProcessError: Command '['singularity', 'pull', '--force', '--name', 'mfisherman_mpich:4.3.2.sif', 'docker://mfisherman/mpich:4.3.2']' returned non-zero exit status 255.

During handling of the above exception, another exception occurred:

Traceback (most recent call last):
  File "cwltool/main.py", line 1323, in main
  File "cwltool/executors.py", line 55, in __call__
  File "cwltool/executors.py", line 138, in execute
    self.run_jobs(process, job_order_object, logger, runtime_context)
  File "cwltool/executors.py", line 248, in run_jobs
    job.run(runtime_context)
  File "cwltool/job.py", line 840, in run
cwl_utils.errors.WorkflowException: Singularity is not available for this tool, try --no-container to disable Singularity, or install a user space Docker replacement like uDocker with --user-space-docker-cmd.: Command '['singularity', 'pull', '--force', '--name', 'mfisherman_mpich:4.3.2.sif', 'docker://mfisherman/mpich:4.3.2']' returned non-zero exit status 255.
